C251 COMPILER V5.60.0,  dir_control                                                        17/10/22  16:58:24  PAGE 1   


C251 COMPILER V5.60.0, COMPILATION OF MODULE dir_control
OBJECT MODULE PLACED IN .\Out_File\dir_control.obj
COMPILER INVOKED BY: D:\keil_c251\C251\BIN\C251.EXE dir_control.c XSMALL INTR2 WARNINGLEVEL(3) BROWSE INCDIR(..\..\Libra
                    -ries\libraries;..\..\Libraries\seekfree_libraries;..\..\Libraries\seekfree_peripheral;..\CODE;..\USER\inc;..\USER\src) D
                    -EBUG PRINT(.\Out_File\dir_control.lst) OBJECT(.\Out_File\dir_control.obj) 

stmt  level    source

    1          #include "headfile.h"
    2          #include "parameter.h"
    3          #include "MOTOR.h"
    4          
    5          
    6          void heng_control()
    7          {
    8   1              err_cha=dir_err_sum-dir_last_err;
    9   1              err_sum=dir_err_sum*turn_KP_low+err_cha*turn_KD_low;
   10   1              dir_last_err=dir_err_sum;
   11   1              dutyL=real_speed-err_sum;
   12   1              dutyR=real_speed+err_sum;
   13   1              motor_out(dutyL,dutyR);
   14   1      }
   15          
   16          void ba_control()
   17          {
   18   1          err_cha=dir_err_ba-dir_last_ba;
   19   1              err_sum=dir_err_ba*turn_KP_high+err_cha*turn_KD_high;
   20   1          dir_last_ba=dir_err_ba;
   21   1              dutyL=real_speed-err_sum;                                       
   22   1              dutyR=real_speed+err_sum;
   23   1          motor_out(dutyL,dutyR);
   24   1      }


Module Information          Static   Overlayable
------------------------------------------------
  code size            =       192     ------
  ecode size           =    ------     ------
  data size            =    ------     ------
  idata size           =    ------     ------
  pdata size           =    ------     ------
  xdata size           =    ------     ------
  xdata-const size     =    ------     ------
  edata size           =    ------     ------
  bit size             =    ------     ------
  ebit size            =    ------     ------
  bitaddressable size  =    ------     ------
  ebitaddressable size =    ------     ------
  far data size        =    ------     ------
  huge data size       =    ------     ------
  const size           =    ------     ------
  hconst size          =    ------     ------
End of Module Information.


C251 COMPILATION COMPLETE.  0 WARNING(S),  0 ERROR(S)
